#! /c/Source/iverilog-install/bin/vvp
:ivl_version "12.0 (devel)" "(s20150603-1110-g18392a46)";
:ivl_delay_selection "TYPICAL";
:vpi_time_precision + 0;
:vpi_module "D:\iverilog\lib\ivl\system.vpi";
:vpi_module "D:\iverilog\lib\ivl\vhdl_sys.vpi";
:vpi_module "D:\iverilog\lib\ivl\vhdl_textio.vpi";
:vpi_module "D:\iverilog\lib\ivl\v2005_math.vpi";
:vpi_module "D:\iverilog\lib\ivl\va_math.vpi";
S_0000016b3ef22ce0 .scope module, "clock_pulse" "clock_pulse" 2 1;
 .timescale 0 0;
v0000016b3ef23380_0 .var "clock", 0 0;
    .scope S_0000016b3ef22ce0;
T_0 ;
    %vpi_call 2 4 "$display", "start a clock pulse" {0 0 0};
    %vpi_call 2 5 "$dumpfile", "wave.vcd" {0 0 0};
    %vpi_call 2 6 "$dumpvars", 32'sb00000000000000000000000000000000, S_0000016b3ef22ce0 {0 0 0};
    %pushi/vec4 1, 0, 1;
    %assign/vec4 v0000016b3ef23380_0, 0;
    %delay 6000, 0;
    %vpi_call 2 8 "$finish" {0 0 0};
    %end;
    .thread T_0;
    .scope S_0000016b3ef22ce0;
T_1 ;
    %delay 20, 0;
    %load/vec4 v0000016b3ef23380_0;
    %nor/r;
    %store/vec4 v0000016b3ef23380_0, 0, 1;
    %jmp T_1;
    .thread T_1;
# The file index is used to find the file name in the following table.
:file_names 3;
    "N/A";
    "<interactive>";
    "clock.v";
